// Jest Snapshot v1, https://goo.gl/fbAQLP

exports[`AppHeader rendering 1`] = `
{
  "asFragment": [Function],
  "baseElement": <body>
    <div>
      <div
        class="MuiBox-root css-k008qs"
      >
        <nav
          class="MuiPaper-root MuiPaper-elevation MuiPaper-elevation4 MuiAppBar-root MuiAppBar-colorTransparent MuiAppBar-positionFixed mui-fixed css-11n4uph-MuiPaper-root-MuiAppBar-root"
          style="--Paper-shadow: 0px 2px 4px -1px rgba(0,0,0,0.2),0px 4px 5px 0px rgba(0,0,0,0.14),0px 1px 10px 0px rgba(0,0,0,0.12);"
        >
          <div
            class="MuiToolbar-root MuiToolbar-gutters MuiToolbar-regular css-1ygil4i-MuiToolbar-root"
          >
            <button
              aria-label="open drawer"
              class="MuiButtonBase-root MuiIconButton-root MuiIconButton-colorInherit MuiIconButton-edgeStart MuiIconButton-sizeMedium css-kxs2no-MuiButtonBase-root-MuiIconButton-root"
              tabindex="0"
              type="button"
            >
              <svg
                aria-hidden="true"
                class="MuiSvgIcon-root MuiSvgIcon-fontSizeMedium css-1umw9bq-MuiSvgIcon-root"
                data-testid="MenuIcon"
                focusable="false"
                viewBox="0 0 24 24"
              >
                <path
                  d="M3 18h18v-2H3zm0-5h18v-2H3zm0-7v2h18V6z"
                />
              </svg>
            </button>
            <div
              class="MuiTypography-root MuiTypography-h6 css-124e51s-MuiTypography-root"
            >
              <a
                aria-current="page"
                class="active"
                data-discover="true"
                href="/"
              >
                PathiYugandhar.com
              </a>
            </div>
            <div
              class="MuiBox-root css-130f8nx"
            >
              <a
                class="css-zu8835"
                data-discover="true"
                href="/application"
              >
                <button
                  class="MuiButtonBase-root MuiButton-root MuiButton-text MuiButton-textPrimary MuiButton-sizeMedium MuiButton-textSizeMedium MuiButton-colorPrimary MuiButton-root MuiButton-text MuiButton-textPrimary MuiButton-sizeMedium MuiButton-textSizeMedium MuiButton-colorPrimary css-1uent87-MuiButtonBase-root-MuiButton-root"
                  tabindex="0"
                  type="button"
                >
                  Application
                </button>
              </a>
              <a
                class="css-zu8835"
                data-discover="true"
                href="/articles"
              >
                <button
                  class="MuiButtonBase-root MuiButton-root MuiButton-text MuiButton-textPrimary MuiButton-sizeMedium MuiButton-textSizeMedium MuiButton-colorPrimary MuiButton-root MuiButton-text MuiButton-textPrimary MuiButton-sizeMedium MuiButton-textSizeMedium MuiButton-colorPrimary css-1uent87-MuiButtonBase-root-MuiButton-root"
                  tabindex="0"
                  type="button"
                >
                  Articles
                </button>
              </a>
            </div>
          </div>
        </nav>
        <nav />
      </div>
    </div>
    <div
      aria-hidden="true"
      class="MuiDrawer-root MuiDrawer-anchorLeft MuiDrawer-modal MuiModal-root MuiModal-hidden css-7uh77l-MuiModal-root-MuiDrawer-root"
      role="presentation"
    >
      <div
        aria-hidden="true"
        class="MuiBackdrop-root MuiModal-backdrop css-4nmryk-MuiBackdrop-root-MuiModal-backdrop"
        style="opacity: 0; visibility: hidden;"
      />
      <div
        data-testid="sentinelStart"
        tabindex="-1"
      />
      <div
        class="MuiPaper-root MuiPaper-elevation MuiPaper-elevation16 MuiDrawer-paper MuiDrawer-paperAnchorLeft css-cyqh1t-MuiPaper-root-MuiDrawer-paper"
        style="--Paper-shadow: 0px 8px 10px -5px rgba(0,0,0,0.2),0px 16px 24px 2px rgba(0,0,0,0.14),0px 6px 30px 5px rgba(0,0,0,0.12); visibility: hidden; webkit-transform: translateX(-0px); transform: translateX(-0px);"
        tabindex="-1"
      >
        <div
          class="MuiBox-root css-xi606m"
        >
          <h6
            class="MuiTypography-root MuiTypography-h6 css-sbnob6-MuiTypography-root"
          >
            PathiYugandhar.com
          </h6>
          <hr
            class="MuiDivider-root MuiDivider-fullWidth css-1jpc804-MuiDivider-root"
          />
          <ul
            class="MuiList-root MuiList-padding css-b7dj7n-MuiList-root"
          >
            <li
              class="MuiListItem-root MuiListItem-gutters css-19f6boz-MuiListItem-root"
            >
              <a
                class="css-zu8835"
                data-discover="true"
                href="/application"
              >
                <button
                  class="MuiButtonBase-root MuiButton-root MuiButton-text MuiButton-textPrimary MuiButton-sizeMedium MuiButton-textSizeMedium MuiButton-colorPrimary MuiButton-root MuiButton-text MuiButton-textPrimary MuiButton-sizeMedium MuiButton-textSizeMedium MuiButton-colorPrimary css-1uent87-MuiButtonBase-root-MuiButton-root"
                  tabindex="0"
                  type="button"
                >
                  Application
                </button>
              </a>
            </li>
            <li
              class="MuiListItem-root MuiListItem-gutters css-19f6boz-MuiListItem-root"
            >
              <a
                class="css-zu8835"
                data-discover="true"
                href="/articles"
              >
                <button
                  class="MuiButtonBase-root MuiButton-root MuiButton-text MuiButton-textPrimary MuiButton-sizeMedium MuiButton-textSizeMedium MuiButton-colorPrimary MuiButton-root MuiButton-text MuiButton-textPrimary MuiButton-sizeMedium MuiButton-textSizeMedium MuiButton-colorPrimary css-1uent87-MuiButtonBase-root-MuiButton-root"
                  tabindex="0"
                  type="button"
                >
                  Articles
                </button>
              </a>
            </li>
          </ul>
        </div>
      </div>
      <div
        data-testid="sentinelEnd"
        tabindex="-1"
      />
    </div>
  </body>,
  "container": <div>
    <div
      class="MuiBox-root css-k008qs"
    >
      <nav
        class="MuiPaper-root MuiPaper-elevation MuiPaper-elevation4 MuiAppBar-root MuiAppBar-colorTransparent MuiAppBar-positionFixed mui-fixed css-11n4uph-MuiPaper-root-MuiAppBar-root"
        style="--Paper-shadow: 0px 2px 4px -1px rgba(0,0,0,0.2),0px 4px 5px 0px rgba(0,0,0,0.14),0px 1px 10px 0px rgba(0,0,0,0.12);"
      >
        <div
          class="MuiToolbar-root MuiToolbar-gutters MuiToolbar-regular css-1ygil4i-MuiToolbar-root"
        >
          <button
            aria-label="open drawer"
            class="MuiButtonBase-root MuiIconButton-root MuiIconButton-colorInherit MuiIconButton-edgeStart MuiIconButton-sizeMedium css-kxs2no-MuiButtonBase-root-MuiIconButton-root"
            tabindex="0"
            type="button"
          >
            <svg
              aria-hidden="true"
              class="MuiSvgIcon-root MuiSvgIcon-fontSizeMedium css-1umw9bq-MuiSvgIcon-root"
              data-testid="MenuIcon"
              focusable="false"
              viewBox="0 0 24 24"
            >
              <path
                d="M3 18h18v-2H3zm0-5h18v-2H3zm0-7v2h18V6z"
              />
            </svg>
          </button>
          <div
            class="MuiTypography-root MuiTypography-h6 css-124e51s-MuiTypography-root"
          >
            <a
              aria-current="page"
              class="active"
              data-discover="true"
              href="/"
            >
              PathiYugandhar.com
            </a>
          </div>
          <div
            class="MuiBox-root css-130f8nx"
          >
            <a
              class="css-zu8835"
              data-discover="true"
              href="/application"
            >
              <button
                class="MuiButtonBase-root MuiButton-root MuiButton-text MuiButton-textPrimary MuiButton-sizeMedium MuiButton-textSizeMedium MuiButton-colorPrimary MuiButton-root MuiButton-text MuiButton-textPrimary MuiButton-sizeMedium MuiButton-textSizeMedium MuiButton-colorPrimary css-1uent87-MuiButtonBase-root-MuiButton-root"
                tabindex="0"
                type="button"
              >
                Application
              </button>
            </a>
            <a
              class="css-zu8835"
              data-discover="true"
              href="/articles"
            >
              <button
                class="MuiButtonBase-root MuiButton-root MuiButton-text MuiButton-textPrimary MuiButton-sizeMedium MuiButton-textSizeMedium MuiButton-colorPrimary MuiButton-root MuiButton-text MuiButton-textPrimary MuiButton-sizeMedium MuiButton-textSizeMedium MuiButton-colorPrimary css-1uent87-MuiButtonBase-root-MuiButton-root"
                tabindex="0"
                type="button"
              >
                Articles
              </button>
            </a>
          </div>
        </div>
      </nav>
      <nav />
    </div>
  </div>,
  "debug": [Function],
  "findAllByAltText": [Function],
  "findAllByDisplayValue": [Function],
  "findAllByLabelText": [Function],
  "findAllByPlaceholderText": [Function],
  "findAllByRole": [Function],
  "findAllByTestId": [Function],
  "findAllByText": [Function],
  "findAllByTitle": [Function],
  "findByAltText": [Function],
  "findByDisplayValue": [Function],
  "findByLabelText": [Function],
  "findByPlaceholderText": [Function],
  "findByRole": [Function],
  "findByTestId": [Function],
  "findByText": [Function],
  "findByTitle": [Function],
  "getAllByAltText": [Function],
  "getAllByDisplayValue": [Function],
  "getAllByLabelText": [Function],
  "getAllByPlaceholderText": [Function],
  "getAllByRole": [Function],
  "getAllByTestId": [Function],
  "getAllByText": [Function],
  "getAllByTitle": [Function],
  "getByAltText": [Function],
  "getByDisplayValue": [Function],
  "getByLabelText": [Function],
  "getByPlaceholderText": [Function],
  "getByRole": [Function],
  "getByTestId": [Function],
  "getByText": [Function],
  "getByTitle": [Function],
  "queryAllByAltText": [Function],
  "queryAllByDisplayValue": [Function],
  "queryAllByLabelText": [Function],
  "queryAllByPlaceholderText": [Function],
  "queryAllByRole": [Function],
  "queryAllByTestId": [Function],
  "queryAllByText": [Function],
  "queryAllByTitle": [Function],
  "queryByAltText": [Function],
  "queryByDisplayValue": [Function],
  "queryByLabelText": [Function],
  "queryByPlaceholderText": [Function],
  "queryByRole": [Function],
  "queryByTestId": [Function],
  "queryByText": [Function],
  "queryByTitle": [Function],
  "rerender": [Function],
  "unmount": [Function],
}
`;
